Microchip MPLAB XC8 Compiler V3.00

Linker command line:

-W-3 \
  --edf=C:/Program Files/Microchip/MPLABX/v6.25/packs/Microchip/PIC18F-K_DFP/1.14.301/xc8\pic\dat\20241213203129_en.msgs \
  -cn -h+dist/default/debug\lab1.X.debug.sym \
  --cmf=dist/default/debug\lab1.X.debug.cmf -z -Q18F45K22 \
  -oC:\Users\664077\AppData\Local\Temp\xcAsjho.\driver_tmp_3.o \
  --defsym=__MPLAB_BUILD=1 --fixupoverflow=error \
  -Mdist/default/debug/lab1.X.debug.map \
  --md=C:\Users\664077\AppData\Local\Temp\xcAsjho.\driver_tmp_0.dat -E1 \
  -ver=XC8 Compiler -ACODE=00h-07FFFh -ACONST=00h-07FFFh \
  -ASMALLCONST=0600h-06FFhx122 -AMEDIUMCONST=0600h-07FFFh -ACOMRAM=01h-05Fh \
  -AABS1=00h-05FFh -ABIGRAM=01h-05FFh -ARAM=060h-0FFh,0100h-01FFhx5 \
  -ABANK0=060h-0FFh -ABANK1=0100h-01FFh -ABANK2=0200h-02FFh \
  -ABANK3=0300h-03FFh -ABANK4=0400h-04FFh -ABANK5=0500h-05FFh \
  -ASFR=0F38h-0F5Fh,0F60h-0FFFh -ABIGSFR=0F38h-0FFFh \
  -ACONFIG=0300000h-030000Dh -AIDLOC=0200000h-0200007h \
  -AEEDATA=0F00000h-0F000FFh -peeprom_data=EEDATA \
  -preset_vec=00h,intcode=8h,intcodelo=18h,sivt_lo,sivt_hi=CODE \
  -ppowerup=CODE,init -pramtop=0600h -psmallconst=SMALLCONST \
  -pmediumconst=MEDIUMCONST -pconst=CONST -AFARRAM=00h-00h \
  -prdata=COMRAM,nvrram=COMRAM,nvbit=COMRAM,rbss=COMRAM,rbit=COMRAM \
  -pfarbss=FARRAM,fardata=FARRAM,nvFARRAM=FARRAM \
  -pintsave_regs=BIGRAM,bigbss=BIGRAM,bigdata=BIGRAM -pbss=RAM \
  -pidata=CODE,irdata=CODE,ibigdata=CODE,ifardata=CODE -prparam=COMRAM \
  C:\Users\664077\AppData\Local\Temp\xcAsjho.\driver_tmp_9.o \
  dist/default/debug\lab1.X.debug.o 

Object code version is 3.11

Machine type is 18F45K22



                Name                               Link     Load   Length Selector   Space Scale
C:\Users\664077\AppData\Local\Temp\xcAsjho.\driver_tmp_9.o
                config                           300000   300000        8        0       4
                init                                408      408        4        4       0
                reset_vec                             0        0        4        0       0
dist/default/debug\lab1.X.debug.o
                intcode                               8        8      400        4       0
                config                           300000   300000        8        0       4
                temp                                 52       52        1        1       1
                smallconst                          600      600        2      300       0
                text6                               732      732       16      301       0
                text5                               602      602       94      301       0
                text4                               752      752        2      3A8       0
                text3                               750      750        2      3A8       0
                text2                               716      716       1C      301       0
                text0                               6DC      6DC       3A      301       0
                cstackCOMRAM                         36       36       15        1       1
                cstackBANK0                          9C       9C        1       60       1
                bssBANK0                             60       60       3C       60       1
                dataCOMRAM                           4B       4B        7        1       1
                bssCOMRAM                             1        1       35        1       1
                cinit                               696      696       46      301       0
                idataCOMRAM                         748      748        7      301       0

TOTAL           Name                               Link     Load   Length     Space
        CLASS   CODE           
                intcode                               8        8      400         0
                init                                408      408        4         0
                reset_vec                             0        0        4         0
                text6                               732      732       16         0
                text5                               602      602       94         0
                text4                               752      752        2         0
                text3                               750      750        2         0
                text2                               716      716       1C         0
                text0                               6DC      6DC       3A         0
                cinit                               696      696       46         0
                idataCOMRAM                         748      748        7         0

        CLASS   CONST          

        CLASS   SMALLCONST     
                smallconst                          600      600        2         0

        CLASS   MEDIUMCONST    

        CLASS   COMRAM         
                temp                                 52       52        1         1
                cstackCOMRAM                         36       36       15         1
                dataCOMRAM                           4B       4B        7         1
                bssCOMRAM                             1        1       35         1

        CLASS   ABS1           

        CLASS   BIGRAM         

        CLASS   RAM            

        CLASS   BANK0          
                cstackBANK0                          9C       9C        1         1
                bssBANK0                             60       60       3C         1

        CLASS   BANK1          

        CLASS   BANK2          

        CLASS   BANK3          

        CLASS   BANK4          

        CLASS   BANK5          

        CLASS   SFR            

        CLASS   BIGSFR         

        CLASS   CONFIG         
                config                           300000   300000        8         4

        CLASS   IDLOC          

        CLASS   EEDATA         

        CLASS   FARRAM         

        CLASS   HEAP           

        CLASS   STACK          



SEGMENTS        Name                           Load    Length   Top    Selector   Space  Class

                reset_vec                      000000  000004  000004         0       0  CODE    
                bssCOMRAM                      000001  000052  000053         1       1  COMRAM  
                intcode                        000008  000404  00040C         4       0  CODE    
                bssBANK0                       000060  00003D  00009D        60       1  BANK0   
                smallconst                     000600  000002  000602       300       0  SMALLCON
                text5                          000602  00014D  00074F       301       0  CODE    
                text3                          000750  000004  000754       3A8       0  CODE    


UNUSED ADDRESS RANGES

        Name                Unused          Largest block    Delta
        BANK0            00009D-0000FF               63
        BANK1            000100-0001FF              100
        BANK2            000200-0002FF              100
        BANK3            000300-0003FF              100
        BANK4            000400-0004FF              100
        BANK5            000500-0005FF              100
        BIGRAM           000053-00005F                D
                         00009D-0005FF              563
        BIGSFR           000F38-000FFF               C8
        CODE             000004-000007                4
                         00040C-0005FF              1F4
                         00074F-00074F                1
                         000754-007FFF             78AC
        COMRAM           000053-00005F                D
        CONFIG           300008-30000D                6
        CONST            000004-000007                4
                         00040C-0005FF              1F4
                         00074F-00074F                1
                         000754-007FFF             78AC
        EEDATA           F00000-F000FF              100
        IDLOC            200000-200007                8
        MEDIUMCONST      00074F-00074F                1
                         000754-007FFF             78AC
        RAM              00009D-0005FF              100
        SFR              000F38-000FFF               28
        SMALLCONST       00074F-00074F                1
                         000754-007FFF              100

                                  Symbol Table

I2C_ISR@i                            cstackCOMRAM 00004A
_ANSELB                              (abs)        000F39
_ANSELCbits                          (abs)        000F3A
_I2C_ISR                             intcode      000008
_INTCONbits                          (abs)        000FF2
_LATB                                (abs)        000F8A
_OSCCON                              (abs)        000FD3
_PIE1bits                            (abs)        000F9D
_PIR1bits                            (abs)        000F9E
_SSP1ADD                             (abs)        000FC8
_SSP1BUF                             (abs)        000FC9
_SSP1CON1                            (abs)        000FC6
_SSP1CON2                            (abs)        000FC5
_SSP1CON2bits                        (abs)        000FC5
_SSP1STAT                            (abs)        000FC7
_SSP1STATbits                        (abs)        000FC7
_TRISB                               (abs)        000F93
_TRISCbits                           (abs)        000F94
__HRAM                               (abs)        000000
__H__absolute__                      __absolute__ 000000
__Habs1                              abs1         000000
__Hbank0                             bank0        000000
__Hbank1                             bank1        000000
__Hbank2                             bank2        000000
__Hbank3                             bank3        000000
__Hbank4                             bank4        000000
__Hbank5                             bank5        000000
__Hbigbss                            bigbss       000000
__Hbigdata                           bigdata      000000
__Hbigram                            bigram       000000
__Hbigsfr                            bigsfr       000000
__Hbss                               bss          000000
__HbssBANK0                          bssBANK0     000000
__HbssCOMRAM                         bssCOMRAM    000000
__Hcinit                             cinit        000000
__Hclrtext                           clrtext      000000
__Hcomram                            comram       000000
__Hconfig                            config       300008
__Hconst                             const        000000
__HcstackBANK0                       cstackBANK0  000000
__HcstackCOMRAM                      cstackCOMRAM 000000
__Hdata                              data         000000
__HdataCOMRAM                        dataCOMRAM   000000
__Heeprom_data                       eeprom_data  000000
__Hfarbss                            farbss       000000
__Hfardata                           fardata      000000
__Hheap                              heap         000000
__Hibigdata                          ibigdata     000000
__Hidata                             idata        000000
__HidataCOMRAM                       idataCOMRAM  000000
__Hidloc                             idloc        000000
__Hifardata                          ifardata     000000
__Hinit                              init         00040C
__Hintcode                           intcode      000408
__Hintcode_body                      intcode_body 000000
__Hintcodelo                         intcodelo    000018
__Hintentry                          intentry     000000
__Hintret                            intret       000000
__Hintsave_regs                      intsave_regs 000000
__Hirdata                            irdata       000000
__Hmediumconst                       mediumconst  000000
__HnvFARRAM                          nvFARRAM     000000
__Hnvbit                             nvbit        000000
__Hnvrram                            nvrram       000000
__Hparam                             rparam       000000
__Hpowerup                           powerup      000000
__Hram                               ram          000000
__Hramtop                            ramtop       000600
__Hrbit                              rbit         000000
__Hrbss                              rbss         000000
__Hrdata                             rdata        000000
__Hreset_vec                         reset_vec    000004
__Hrparam                            rparam       000000
__Hsfr                               sfr          000000
__Hsivt_hi                           sivt_hi      000000
__Hsivt_lo                           sivt_lo      000018
__Hsmallconst                        smallconst   000602
__Hspace_0                           (abs)        000754
__Hspace_1                           (abs)        00009D
__Hspace_2                           (abs)        000000
__Hspace_4                           (abs)        600008
__Hstack                             stack        000000
__Hstruct                            struct       000000
__Htemp                              temp         000053
__Htext                              text         000000
__Htext0                             text0        000000
__Htext2                             text2        000000
__Htext3                             text3        000000
__Htext4                             text4        000000
__Htext5                             text5        000000
__Htext6                             text6        000000
__LRAM                               (abs)        000001
__L__absolute__                      __absolute__ 000000
__Labs1                              abs1         000000
__Lbank0                             bank0        000000
__Lbank1                             bank1        000000
__Lbank2                             bank2        000000
__Lbank3                             bank3        000000
__Lbank4                             bank4        000000
__Lbank5                             bank5        000000
__Lbigbss                            bigbss       000000
__Lbigdata                           bigdata      000000
__Lbigram                            bigram       000000
__Lbigsfr                            bigsfr       000000
__Lbss                               bss          000000
__LbssBANK0                          bssBANK0     000000
__LbssCOMRAM                         bssCOMRAM    000000
__Lcinit                             cinit        000000
__Lclrtext                           clrtext      000000
__Lcomram                            comram       000000
__Lconfig                            config       000000
__Lconst                             const        000000
__LcstackBANK0                       cstackBANK0  000000
__LcstackCOMRAM                      cstackCOMRAM 000000
__Ldata                              data         000000
__LdataCOMRAM                        dataCOMRAM   000000
__Leeprom_data                       eeprom_data  000000
__Lfarbss                            farbss       000000
__Lfardata                           fardata      000000
__Lheap                              heap         000000
__Libigdata                          ibigdata     000000
__Lidata                             idata        000000
__LidataCOMRAM                       idataCOMRAM  000000
__Lidloc                             idloc        000000
__Lifardata                          ifardata     000000
__Linit                              init         000408
__Lintcode                           intcode      000008
__Lintcode_body                      intcode_body 000000
__Lintcodelo                         intcodelo    000018
__Lintentry                          intentry     000000
__Lintret                            intret       000000
__Lintsave_regs                      intsave_regs 000000
__Lirdata                            irdata       000000
__Lmediumconst                       mediumconst  000000
__LnvFARRAM                          nvFARRAM     000000
__Lnvbit                             nvbit        000000
__Lnvrram                            nvrram       000000
__Lparam                             rparam       000000
__Lpowerup                           powerup      000000
__Lram                               ram          000000
__Lramtop                            ramtop       000600
__Lrbit                              rbit         000000
__Lrbss                              rbss         000000
__Lrdata                             rdata        000000
__Lreset_vec                         reset_vec    000000
__Lrparam                            rparam       000000
__Lsfr                               sfr          000000
__Lsivt_hi                           sivt_hi      000000
__Lsivt_lo                           sivt_lo      000018
__Lsmallconst                        smallconst   000600
__Lspace_0                           (abs)        000000
__Lspace_1                           (abs)        000000
__Lspace_2                           (abs)        000000
__Lspace_4                           (abs)        000000
__Lstack                             stack        000000
__Lstruct                            struct       000000
__Ltemp                              temp         000052
__Ltext                              text         000000
__Ltext0                             text0        000000
__Ltext2                             text2        000000
__Ltext3                             text3        000000
__Ltext4                             text4        000000
__Ltext5                             text5        000000
__Ltext6                             text6        000000
__S0                                 (abs)        000754
__S1                                 (abs)        00009D
__S4                                 (abs)        000000
__S5                                 (abs)        000000
___heap_hi                           (abs)        000000
___heap_lo                           (abs)        000000
___inthi_sp                          stack        000000
___inthi_stack_hi                    stack        000000
___inthi_stack_lo                    stack        000000
___intlo_sp                          stack        000000
___intlo_stack_hi                    stack        000000
___intlo_stack_lo                    stack        000000
___param_bank                        (abs)        000000
___rparam_used                       (abs)        000001
___sp                                stack        000000
___stack_hi                          stack        000000
___stack_lo                          stack        000000
__accesstop                          (abs)        000060
__activetblptr                       (abs)        000002
__end_of_I2C_ISR                     intcode      000408
__end_of__initialization             cinit        0006CE
__end_of_bcd_to_dec                  text6        000748
__end_of_eeprom_read_callback        text4        000754
__end_of_eeprom_write_callback       text3        000752
__end_of_main                        text0        000716
__end_of_rtc_datetime_write_callback text2        000732
__end_of_rtc_read_datetime_callback  text5        000696
__initialization                     cinit        000696
__mediumconst                        smallconst   000600
__pbssBANK0                          bssBANK0     000060
__pbssCOMRAM                         bssCOMRAM    000001
__pcinit                             cinit        000696
__pcstackBANK0                       cstackBANK0  00009C
__pcstackCOMRAM                      cstackCOMRAM 000036
__pdataCOMRAM                        dataCOMRAM   00004B
__pidataCOMRAM                       idataCOMRAM  000748
__pintcode                           intcode      000008
__psmallconst                        smallconst   000600
__ptext0                             text0        0006DC
__ptext2                             text2        000716
__ptext3                             text3        000750
__ptext4                             text4        000752
__ptext5                             text5        000602
__ptext6                             text6        000732
__ramtop                             ramtop       000600
__smallconst                         smallconst   000600
_bcd_to_dec                          text6        000732
_cur                                 bssCOMRAM    00001B
_eeprom_read_buffer                  bssCOMRAM    000035
_eeprom_read_callback                text4        000752
_eeprom_write_callback               text3        000750
_idx                                 bssCOMRAM    00001A
_main                                text0        0006DC
_qbusy                               bssCOMRAM    00001C
_qhead                               bssCOMRAM    00001E
_qtail                               bssCOMRAM    00001D
_queue                               bssBANK0     000080
_rtc_datetime_write_callback         text2        000716
_rtc_datetime_write_user_cb          bssCOMRAM    000016
_rtc_dt_buf                          bssCOMRAM    00002D
_rtc_read_datetime_callback          text5        000602
_rtc_user_cb                         bssCOMRAM    000018
_rx_buffer                           bssBANK0     000060
bcd_to_dec@b                         cstackCOMRAM 000037
btemp                                temp         000052
eeprom_read_byte@F6058               bssCOMRAM    00000F
eeprom_read_callback@status          cstackCOMRAM 00003A
eeprom_write_byte@F6105              bssCOMRAM    000008
eeprom_write_byte@buf                bssCOMRAM    000034
eeprom_write_callback@status         cstackCOMRAM 00003A
end_of_initialization                cinit        0006CE
int$flags                            temp         000052
intlevel0                            text         000000
intlevel1                            text         000000
intlevel2                            text         000000
intlevel3                            text         000000
isa$std                              (abs)        000001
isa$xinst                            (abs)        000000
rtc_datetime_write_callback@data     cstackCOMRAM 000038
rtc_datetime_write_callback@len      cstackCOMRAM 000039
rtc_datetime_write_callback@status   cstackCOMRAM 00003A
rtc_read_datetime@F6072              dataCOMRAM   00004B
rtc_read_datetime@buffer             bssCOMRAM    000026
rtc_read_datetime_callback@data      cstackCOMRAM 000038
rtc_read_datetime_callback@status    cstackCOMRAM 00003A
rtc_write_datetime@F6104             bssCOMRAM    000001
rtc_write_datetime@buffer            bssCOMRAM    00001F
stackhi                              (abs)        000000
stacklo                              (abs)        000000
start                                init         000408
start_initialization                 cinit        000696
ttemp5                               temp         000053
ttemp6                               temp         000056
ttemp7                               temp         00005A
wtemp8                               temp         000053


MODULE INFORMATION

Module		Function		Class		Link	Load	Size
i2c.c
		_I2C_ISR       		CODE           	0008	0000	1024

i2c.c estimated size: 1024

eeprom.c
		_eeprom_write_callback		CODE           	0750	0000	2
		_eeprom_read_callback		CODE           	0752	0000	2

eeprom.c estimated size: 4

shared
		__initialization		CODE           	0696	0000	56

shared estimated size: 56

rtc.c
		_bcd_to_dec    		CODE           	0732	0000	22
		_rtc_read_datetime_callback		CODE           	0602	0000	148
		_rtc_datetime_write_callback		CODE           	0716	0000	28

rtc.c estimated size: 198

main.c
		_main          		CODE           	06DC	0000	58

main.c estimated size: 58

